Godot Engine v4.7.2.stable.official.ed1daf0bf - https://godotengine.org

[   0% ] first_scan_filesystem | Started 项目初始化 (5 steps)
[   0% ] first_scan_filesystem | 正在扫描文件结构……
[  16% ] first_scan_filesystem | 正在加载全局类名……
[  33% ] first_scan_filesystem | 正在校验 GDExtension……
[  50% ] first_scan_filesystem | 正在创建自动加载脚本……
[  66% ] first_scan_filesystem | 正在初始化插件……
[  83% ] first_scan_filesystem | 正在启动文件扫描……
[ DONE ] first_scan_filesystem

[   0% ] savepack | Started 打包中 (102 steps)
[   1% ] savepack | 正在保存文件：res://data/abilities.json
[   3% ] savepack | 正在保存文件：res://data/enemies.json
[   5% ] savepack | 正在保存文件：res://data/modifiers.json
[   7% ] savepack | 正在保存文件：res://data/rooms.json
[   9% ] savepack | 正在保存文件：res://data/weapons.json
[  11% ] savepack | 正在保存文件：res://.godot/exported/133200997/export-3ad5c15c4f3250da0cc7c1af1770d85f-main.scn
[  14% ] savepack | 正在保存文件：res://src/actors/boss.gdc
[  16% ] savepack | 正在保存文件：res://src/actors/enemy.gdc
[  18% ] savepack | 正在保存文件：res://src/actors/player.gdc
[  20% ] savepack | 正在保存文件：res://src/combat/attack_resolver.gdc
[  22% ] savepack | 正在保存文件：res://src/combat/damage_calc.gdc
[  24% ] savepack | 正在保存文件：res://src/combat/deployable.gdc
[  27% ] savepack | 正在保存文件：res://src/combat/hitstop_service.gdc
[  29% ] savepack | 正在保存文件：res://src/combat/modifier_engine.gdc
[  31% ] savepack | 正在保存文件：res://src/combat/projectile.gdc
[  33% ] savepack | 正在保存文件：res://src/combat/projectile_factory.gdc
[  34% ] savepack | 正在保存文件：res://src/combat/status_component.gdc
[  36% ] savepack | 正在保存文件：res://src/combat/zone.gdc
[  39% ] savepack | 正在保存文件：res://.godot/imported/icon.svg-218a8f2b3041327d8a5756f3a245f83b.ctex
[  39% ] savepack | 正在保存文件：res://icon.svg.import
[  41% ] savepack | 正在保存文件：res://src/core/diagnostics.gdc
[  43% ] savepack | 正在保存文件：res://src/core/event_bus.gdc
[  45% ] savepack | 正在保存文件：res://src/core/game_flow.gdc
[  47% ] savepack | 正在保存文件：res://src/core/prototype_regressions.gdc
[  50% ] savepack | 正在保存文件：res://src/core/run_state.gdc
[  52% ] savepack | 正在保存文件：res://src/core/save_service.gdc
[  54% ] savepack | 正在保存文件：res://src/core/self_test.gdc
[  56% ] savepack | 正在保存文件：res://src/core/window_probe.gdc
[  58% ] savepack | 正在保存文件：res://src/data/defs/ability_def.gdc
[  60% ] savepack | 正在保存文件：res://src/data/defs/def_base.gdc
[  63% ] savepack | 正在保存文件：res://src/data/defs/enemy_def.gdc
[  65% ] savepack | 正在保存文件：res://src/data/defs/modifier_def.gdc
[  66% ] savepack | 正在保存文件：res://src/data/defs/reward_def.gdc
[  68% ] savepack | 正在保存文件：res://src/data/defs/room_def.gdc
[  70% ] savepack | 正在保存文件：res://src/data/defs/weapon_def.gdc
[  72% ] savepack | 正在保存文件：res://src/data/game_config.gdc
[  75% ] savepack | 正在保存文件：res://src/data/game_data.gdc
[  77% ] savepack | 正在保存文件：res://src/level/cover.gdc
[  79% ] savepack | 正在保存文件：res://src/level/room.gdc
[  81% ] savepack | 正在保存文件：res://src/level/room_generator.gdc
[  83% ] savepack | 正在保存文件：res://src/level/room_graph.gdc
[  85% ] savepack | 正在保存文件：res://src/level/room_graph_node.gdc
[  88% ] savepack | 正在保存文件：res://src/presentation/campus_ui.gdc
[  90% ] savepack | 正在保存文件：res://src/presentation/combat_effects.gdc
[  92% ] savepack | 正在保存文件：res://src/presentation/prototype_audio.gdc
[  94% ] savepack | 正在保存文件：res://src/presentation/room_camera.gdc
[  96% ] savepack | 正在保存文件：res://src/main.gdc
[  96% ] savepack | 正在保存文件：res://scenes/main.tscn.remap
[  96% ] savepack | 正在保存文件：res://src/actors/boss.gd.remap
[  96% ] savepack | 正在保存文件：res://src/actors/enemy.gd.remap
[  96% ] savepack | 正在保存文件：res://src/actors/player.gd.remap
[  96% ] savepack | 正在保存文件：res://src/combat/attack_resolver.gd.remap
[  96% ] savepack | 正在保存文件：res://src/combat/damage_calc.gd.remap
[  96% ] savepack | 正在保存文件：res://src/combat/deployable.gd.remap
[  96% ] savepack | 正在保存文件：res://src/combat/hitstop_service.gd.remap
[  96% ] savepack | 正在保存文件：res://src/combat/modifier_engine.gd.remap
[  96% ] savepack | 正在保存文件：res://src/combat/projectile.gd.remap
[  96% ] savepack | 正在保存文件：res://src/combat/projectile_factory.gd.remap
[  96% ] savepack | 正在保存文件：res://src/combat/status_component.gd.remap
[  96% ] savepack | 正在保存文件：res://src/combat/zone.gd.remap
[  96% ] savepack | 正在保存文件：res://src/core/diagnostics.gd.remap
[  96% ] savepack | 正在保存文件：res://src/core/event_bus.gd.remap
[  96% ] savepack | 正在保存文件：res://src/core/game_flow.gd.remap
[  96% ] savepack | 正在保存文件：res://src/core/prototype_regressions.gd.remap
[  96% ] savepack | 正在保存文件：res://src/core/run_state.gd.remap
[  96% ] savepack | 正在保存文件：res://src/core/save_service.gd.remap
[  96% ] savepack | 正在保存文件：res://src/core/self_test.gd.remap
[  96% ] savepack | 正在保存文件：res://src/core/window_probe.gd.remap
[  96% ] savepack | 正在保存文件：res://src/data/defs/ability_def.gd.remap
[  96% ] savepack | 正在保存文件：res://src/data/defs/def_base.gd.remap
[  96% ] savepack | 正在保存文件：res://src/data/defs/enemy_def.gd.remap
[  96% ] savepack | 正在保存文件：res://src/data/defs/modifier_def.gd.remap
[  96% ] savepack | 正在保存文件：res://src/data/defs/reward_def.gd.remap
[  96% ] savepack | 正在保存文件：res://src/data/defs/room_def.gd.remap
[  96% ] savepack | 正在保存文件：res://src/data/defs/weapon_def.gd.remap
[  96% ] savepack | 正在保存文件：res://src/data/game_config.gd.remap
[  96% ] savepack | 正在保存文件：res://src/data/game_data.gd.remap
[  96% ] savepack | 正在保存文件：res://src/level/cover.gd.remap
[  96% ] savepack | 正在保存文件：res://src/level/room.gd.remap
[  96% ] savepack | 正在保存文件：res://src/level/room_generator.gd.remap
[  96% ] savepack | 正在保存文件：res://src/level/room_graph.gd.remap
[  96% ] savepack | 正在保存文件：res://src/level/room_graph_node.gd.remap
[  96% ] savepack | 正在保存文件：res://src/presentation/campus_ui.gd.remap
[  96% ] savepack | 正在保存文件：res://src/presentation/combat_effects.gd.remap
[  96% ] savepack | 正在保存文件：res://src/presentation/prototype_audio.gd.remap
[  96% ] savepack | 正在保存文件：res://src/presentation/room_camera.gd.remap
[  96% ] savepack | 正在保存文件：res://src/main.gd.remap
[  96% ] savepack | 正在保存文件：res://.godot/global_script_class_cache.cfg
[  96% ] savepack | 正在保存文件：res://icon.svg
[  96% ] savepack | 正在保存文件：res://.godot/uid_cache.bin
[  96% ] savepack | 正在保存文件：res://project.binary
[ DONE ] savepack

ERROR: Safe save failed. This may be a permissions problem, but also may happen because you are running a paranoid antivirus. If this is the case, please switch to Windows Defender or disable the 'safe save' option in editor settings. This makes it work, but increases the risk of file corruption in a crash.
   at: _close (drivers/windows/file_access_windows.cpp:277)
